- scanFolders(): cannot scan system folder $RECYCLE.BIN

- scanFolders(): cannot scan system folder $RECYCLE.BIN

